Traceback (most recent call last):
  File "/home/runner/work/ostatslib/ostatslib/.venv/lib/python3.11/site-packages/jupyter_cache/executors/utils.py", line 58, in single_nb_execution
    executenb(
  File "/home/runner/work/ostatslib/ostatslib/.venv/lib/python3.11/site-packages/nbclient/client.py", line 1305, in execute
    return NotebookClient(nb=nb, resources=resources, km=km, **kwargs).execute()
           ^^^^^^^^^^^^^^^^^^^^^^^^^^^^^^^^^^^^^^^^^^^^^^^^^^^^^^^^^^^^^^^^^^^^^
  File "/home/runner/work/ostatslib/ostatslib/.venv/lib/python3.11/site-packages/jupyter_core/utils/__init__.py", line 165, in wrapped
    return loop.run_until_complete(inner)
           ^^^^^^^^^^^^^^^^^^^^^^^^^^^^^^
  File "/opt/hostedtoolcache/Python/3.11.11/x64/lib/python3.11/asyncio/base_events.py", line 654, in run_until_complete
    return future.result()
           ^^^^^^^^^^^^^^^
  File "/home/runner/work/ostatslib/ostatslib/.venv/lib/python3.11/site-packages/nbclient/client.py", line 705, in async_execute
    await self.async_execute_cell(
  File "/home/runner/work/ostatslib/ostatslib/.venv/lib/python3.11/site-packages/nbclient/client.py", line 1058, in async_execute_cell
    await self._check_raise_for_error(cell, cell_index, exec_reply)
  File "/home/runner/work/ostatslib/ostatslib/.venv/lib/python3.11/site-packages/nbclient/client.py", line 914, in _check_raise_for_error
    raise CellExecutionError.from_cell_and_msg(cell, exec_reply_content)
nbclient.exceptions.CellExecutionError: An error occurred while executing the following cell:
------------------
from IPython.display import display

for result in results:
    display(Markdown(f"### {result['name']}"))
    print(result['analysis'].summary())
------------------

----- stdout -----

Analysis executed at 2024-12-23 23:54:14.515775
Final status is Complete
Initial State known features:
response_variable_label                       target
score                                         0.8598579258922238
response_unique_values_ratio                  1.0
is_response_positive_values_only              -1
adaboost_square_loss_regression_score_reward  0.8598579258922238
Steps:
  Order  Step                                    Reward  State Change
-------  ------------------------------------  --------  ------------------------------------------------------
      1  Is Response Positive Values Only      0.1
      2  Response Unique Values Ratio          0.1       response_unique_values_ratio  1
      3  AdaBoost Regression with Square Loss  0.859858  score                                         0.859858
                                                         adaboost_square_loss_regression_score_reward  0.859858
----- stdout -----

Analysis executed at 2024-12-23 23:54:18.778478
Final status is Complete
Initial State known features:
response_variable_label                       target
score                                         0.7779667879151972
response_unique_values_ratio                  1.0
is_response_positive_values_only              -1
adaboost_square_loss_regression_score_reward  0.7779667879151972
Steps:
  Order  Step                                    Reward  State Change
-------  ------------------------------------  --------  ------------------------------------------------------
      1  Is Response Positive Values Only      0.1
      2  Response Unique Values Ratio          0.1       response_unique_values_ratio  1
      3  AdaBoost Regression with Square Loss  0.777967  score                                         0.777967
                                                         adaboost_square_loss_regression_score_reward  0.777967
----- stdout -----

Analysis executed at 2024-12-23 23:54:22.443075
Final status is Not Complete
Initial State known features:
response_variable_label           target
time_convertible_variable
response_unique_values_ratio      0.005
response_inferred_dtype           floating
is_response_positive_values_only  1
standardized_variables_ratio      -1
Steps:
  Order  Step                                Reward  State Change
-------  --------------------------------  --------  -----------------------------------
      1  Is Response Positive Values Only       0.1
      2  Time Convertible Variable Search       0.1  time_convertible_variable
      3  Infer Response DType                   0.1  response_inferred_dtype  floating
      4  Standardized Variables Ratio           0.1  standardized_variables_ratio  -1
      5  Response Unique Values Ratio           0.1  response_unique_values_ratio  0.005
      6  Response Unique Values Ratio          -1
      7  Response Unique Values Ratio          -1
      8  Response Unique Values Ratio          -1
      9  Response Unique Values Ratio          -1
     10  Response Unique Values Ratio          -1
     11  Response Unique Values Ratio          -1
     12  Response Unique Values Ratio          -1
     13  Response Unique Values Ratio          -1
     14  Response Unique Values Ratio          -1
     15  Response Unique Values Ratio          -1
----- stdout -----

Analysis executed at 2024-12-23 23:54:24.217007
Final status is Not Complete
Initial State known features:
response_variable_label                                     target
score                                                       0.721723428852402
time_convertible_variable
response_unique_values_ratio                                0.9791666666666666
response_inferred_dtype                                     floating
is_response_positive_values_only                            1
standardized_variables_ratio                                -1
are_linear_model_regression_residuals_correlated            -1
are_linear_model_regression_residuals_homoscedastic         -1
are_linear_model_regression_residuals_normally_distributed  -0.5
n_100_estimators_random_forest_regression_score_reward      -0.4246151756805713
linear_regression_score_reward                              0.721723428852402
Steps:
  Order  Step                                        Reward  State Change
-------  ---------------------------------------  ---------  ---------------------------------------------------------------------
      1  Is Response Positive Values Only          0.1
      2  Time Convertible Variable Search          0.1       time_convertible_variable
      3  Infer Response DType                      0.1       response_inferred_dtype  floating
      4  Standardized Variables Ratio              0.1       standardized_variables_ratio  -1
      5  Response Unique Values Ratio              0.1       response_unique_values_ratio  0.979167
      6  Random Forest Regression 100 Estimators  -0.424615  score                                                    0.575385
                                                             n_100_estimators_random_forest_regression_score_reward  -0.424615
      7  Linear Regression                         0.121723  score                                                        0.721723
                                                             are_linear_model_regression_residuals_correlated            -1
                                                             are_linear_model_regression_residuals_homoscedastic         -1
                                                             are_linear_model_regression_residuals_normally_distributed  -0.5
                                                             linear_regression_score_reward                               0.721723
      8  Linear Regression                         0.121723
      9  Linear Regression                         0.121723
     10  Linear Regression                         0.121723
     11  Linear Regression                         0.121723
     12  Linear Regression                         0.121723
     13  Linear Regression                         0.121723
     14  Linear Regression                         0.121723
     15  Linear Regression                         0.121723
----- stdout -----

Analysis executed at 2024-12-23 23:55:00.870837
Final status is Not Complete
Initial State known features:
response_variable_label                       target
score                                         0.5216692082454134
response_unique_values_ratio                  1.0
is_response_positive_values_only              -1
adaboost_square_loss_regression_score_reward  -0.4783307917545866
Steps:
  Order  Step                                     Reward  State Change
-------  ------------------------------------  ---------  -------------------------------------------------------
      1  Is Response Positive Values Only       0.1
      2  Response Unique Values Ratio           0.1       response_unique_values_ratio  1
      3  AdaBoost Regression with Square Loss  -0.489275  score                                          0.510725
                                                          adaboost_square_loss_regression_score_reward  -0.489275
      4  AdaBoost Regression with Square Loss  -0.476162  score                                          0.523838
                                                          adaboost_square_loss_regression_score_reward  -0.476162
      5  AdaBoost Regression with Square Loss  -0.48204   score                                          0.51796
                                                          adaboost_square_loss_regression_score_reward  -0.48204
      6  AdaBoost Regression with Square Loss  -0.486956  score                                          0.513044
                                                          adaboost_square_loss_regression_score_reward  -0.486956
      7  AdaBoost Regression with Square Loss  -0.479421  score                                          0.520579
                                                          adaboost_square_loss_regression_score_reward  -0.479421
      8  AdaBoost Regression with Square Loss  -0.472902  score                                          0.527098
                                                          adaboost_square_loss_regression_score_reward  -0.472902
      9  AdaBoost Regression with Square Loss  -0.479261  score                                          0.520739
                                                          adaboost_square_loss_regression_score_reward  -0.479261
     10  AdaBoost Regression with Square Loss  -0.4819    score                                          0.5181
                                                          adaboost_square_loss_regression_score_reward  -0.4819
     11  AdaBoost Regression with Square Loss  -0.4852    score                                          0.5148
                                                          adaboost_square_loss_regression_score_reward  -0.4852
     12  AdaBoost Regression with Square Loss  -0.483541  score                                          0.516459
                                                          adaboost_square_loss_regression_score_reward  -0.483541
     13  AdaBoost Regression with Square Loss  -0.483397  score                                          0.516603
                                                          adaboost_square_loss_regression_score_reward  -0.483397
     14  AdaBoost Regression with Square Loss  -0.484468  score                                          0.515532
                                                          adaboost_square_loss_regression_score_reward  -0.484468
     15  AdaBoost Regression with Square Loss  -0.478331  score                                          0.521669
                                                          adaboost_square_loss_regression_score_reward  -0.478331
----- stdout -----

Analysis executed at 2024-12-23 23:55:04.178782
Final status is Not Complete
Initial State known features:
response_variable_label           target
response_unique_values_ratio      0.4267072213500785
is_response_positive_values_only  -1
Steps:
  Order  Step                                Reward  State Change
-------  --------------------------------  --------  --------------------------------------
      1  Is Response Positive Values Only       0.1
      2  Response Unique Values Ratio           0.1  response_unique_values_ratio  0.426707
      3  Response Unique Values Ratio          -1
      4  Response Unique Values Ratio          -1
      5  Response Unique Values Ratio          -1
      6  Response Unique Values Ratio          -1
      7  Response Unique Values Ratio          -1
      8  Response Unique Values Ratio          -1
      9  Response Unique Values Ratio          -1
     10  Response Unique Values Ratio          -1
     11  Response Unique Values Ratio          -1
     12  Response Unique Values Ratio          -1
     13  Response Unique Values Ratio          -1
     14  Response Unique Values Ratio          -1
     15  Response Unique Values Ratio          -1
----- stdout -----

Analysis executed at 2024-12-23 23:55:06.564421
Final status is Not Complete
Initial State known features:
response_variable_label           target
time_convertible_variable
response_unique_values_ratio      0.0007333333333333333
response_inferred_dtype           floating
is_response_positive_values_only  1
standardized_variables_ratio      -1
Steps:
  Order  Step                                Reward  State Change
-------  --------------------------------  --------  -----------------------------------------
      1  Is Response Positive Values Only       0.1
      2  Time Convertible Variable Search       0.1  time_convertible_variable
      3  Infer Response DType                   0.1  response_inferred_dtype  floating
      4  Standardized Variables Ratio           0.1  standardized_variables_ratio  -1
      5  Response Unique Values Ratio           0.1  response_unique_values_ratio  0.000733333
      6  Response Unique Values Ratio          -1
      7  Response Unique Values Ratio          -1
      8  Response Unique Values Ratio          -1
      9  Response Unique Values Ratio          -1
     10  Response Unique Values Ratio          -1
     11  Response Unique Values Ratio          -1
     12  Response Unique Values Ratio          -1
     13  Response Unique Values Ratio          -1
     14  Response Unique Values Ratio          -1
     15  Response Unique Values Ratio          -1
----- stdout -----

Analysis executed at 2024-12-23 23:55:08.135082
Final status is Not Complete
Initial State known features:
response_variable_label           target
time_convertible_variable
response_unique_values_ratio      0.0009324009324009324
response_inferred_dtype           floating
is_response_positive_values_only  1
standardized_variables_ratio      -1
Steps:
  Order  Step                                Reward  State Change
-------  --------------------------------  --------  -----------------------------------------
      1  Is Response Positive Values Only       0.1
      2  Time Convertible Variable Search       0.1  time_convertible_variable
      3  Infer Response DType                   0.1  response_inferred_dtype  floating
      4  Standardized Variables Ratio           0.1  standardized_variables_ratio  -1
      5  Response Unique Values Ratio           0.1  response_unique_values_ratio  0.000932401
      6  Response Unique Values Ratio          -1
      7  Response Unique Values Ratio          -1
      8  Response Unique Values Ratio          -1
      9  Response Unique Values Ratio          -1
     10  Response Unique Values Ratio          -1
     11  Response Unique Values Ratio          -1
     12  Response Unique Values Ratio          -1
     13  Response Unique Values Ratio          -1
     14  Response Unique Values Ratio          -1
     15  Response Unique Values Ratio          -1
----- stdout -----

Analysis executed at 2024-12-23 23:55:10.997639
Final status is Complete
Initial State known features:
response_variable_label                                     target
score                                                       0.9016138592769071
response_unique_values_ratio                                0.8
is_response_positive_values_only                            -1
n_100_estimators_gradient_boosting_regression_score_reward  0.9016138592769071
Steps:
  Order  Step                                           Reward  State Change
-------  -------------------------------------------  --------  --------------------------------------------------------------------
      1  Is Response Positive Values Only             0.1
      2  Response Unique Values Ratio                 0.1       response_unique_values_ratio  0.8
      3  Gradient Boosting Regression 100 Estimators  0.901614  score                                                       0.901614
                                                                n_100_estimators_gradient_boosting_regression_score_reward  0.901614
----- stdout -----

Analysis executed at 2024-12-23 23:55:12.069061
Final status is Complete
Initial State known features:
response_variable_label                                     target
score                                                       0.7627897299290225
time_convertible_variable
response_unique_values_ratio                                0.78
response_inferred_dtype                                     floating
is_response_positive_values_only                            1
standardized_variables_ratio                                -1
n_100_estimators_gradient_boosting_regression_score_reward  0.7627897299290225
Steps:
  Order  Step                                           Reward  State Change
-------  -------------------------------------------  --------  -------------------------------------------------------------------
      1  Is Response Positive Values Only              0.1
      2  Time Convertible Variable Search              0.1      time_convertible_variable
      3  Infer Response DType                          0.1      response_inferred_dtype  floating
      4  Standardized Variables Ratio                  0.1      standardized_variables_ratio  -1
      5  Response Unique Values Ratio                  0.1      response_unique_values_ratio  0.78
      6  Gradient Boosting Regression 100 Estimators   0.76279  score                                                       0.76279
                                                                n_100_estimators_gradient_boosting_regression_score_reward  0.76279
----- stdout -----

Analysis executed at 2024-12-23 23:55:13.776720
Final status is Not Complete
Initial State known features:
response_variable_label           target
time_convertible_variable
response_unique_values_ratio      0.0068359375
response_inferred_dtype           floating
is_response_positive_values_only  1
standardized_variables_ratio      -1
Steps:
  Order  Step                                Reward  State Change
-------  --------------------------------  --------  ----------------------------------------
      1  Is Response Positive Values Only       0.1
      2  Time Convertible Variable Search       0.1  time_convertible_variable
      3  Infer Response DType                   0.1  response_inferred_dtype  floating
      4  Standardized Variables Ratio           0.1  standardized_variables_ratio  -1
      5  Response Unique Values Ratio           0.1  response_unique_values_ratio  0.00683594
      6  Response Unique Values Ratio          -1
      7  Response Unique Values Ratio          -1
      8  Response Unique Values Ratio          -1
      9  Response Unique Values Ratio          -1
     10  Response Unique Values Ratio          -1
     11  Response Unique Values Ratio          -1
     12  Response Unique Values Ratio          -1
     13  Response Unique Values Ratio          -1
     14  Response Unique Values Ratio          -1
     15  Response Unique Values Ratio          -1
------------------

[0;31m---------------------------------------------------------------------------[0m
[0;31mValueError[0m                                Traceback (most recent call last)
Cell [0;32mIn[4], line 5[0m
[1;32m      3[0m [38;5;28;01mfor[39;00m result [38;5;129;01min[39;00m results:
[1;32m      4[0m     display(Markdown([38;5;124mf[39m[38;5;124m"[39m[38;5;124m### [39m[38;5;132;01m{[39;00mresult[[38;5;124m'[39m[38;5;124mname[39m[38;5;124m'[39m][38;5;132;01m}[39;00m[38;5;124m"[39m))
[0;32m----> 5[0m     [38;5;28mprint[39m([43mresult[49m[43m[[49m[38;5;124;43m'[39;49m[38;5;124;43manalysis[39;49m[38;5;124;43m'[39;49m[43m][49m[38;5;241;43m.[39;49m[43msummary[49m[43m([49m[43m)[49m)

File [0;32m~/work/ostatslib/ostatslib/ostatslib/agents/analysis_result.py:49[0m, in [0;36mAnalysisResult.summary[0;34m(self)[0m
[1;32m     38[0m [38;5;28;01mdef[39;00m [38;5;21msummary[39m([38;5;28mself[39m) [38;5;241m-[39m[38;5;241m>[39m [38;5;28mstr[39m:
[1;32m     39[0m [38;5;250m    [39m[38;5;124;03m"""[39;00m
[1;32m     40[0m [38;5;124;03m    Returns analysis summary[39;00m
[1;32m     41[0m 
[1;32m     42[0m [38;5;124;03m    Returns:[39;00m
[1;32m     43[0m [38;5;124;03m        str: analysis summary[39;00m
[1;32m     44[0m [38;5;124;03m    """[39;00m
[1;32m     45[0m     [38;5;28;01mreturn[39;00m (
[1;32m     46[0m         [38;5;124mf[39m[38;5;124m'[39m[38;5;130;01m\n[39;00m[38;5;124mAnalysis executed at [39m[38;5;132;01m{[39;00m[38;5;28mself[39m[38;5;241m.[39mtimestamp[38;5;132;01m}[39;00m[38;5;130;01m\n[39;00m[38;5;124m'[39m
[1;32m     47[0m         [38;5;124mf[39m[38;5;124m'[39m[38;5;124mFinal status is [39m[38;5;132;01m{[39;00m[38;5;124m"[39m[38;5;124mComplete[39m[38;5;124m"[39m[38;5;250m [39m[38;5;28;01mif[39;00m[38;5;250m [39m[38;5;28mself[39m[38;5;241m.[39mdone[38;5;250m [39m[38;5;28;01melse[39;00m[38;5;250m [39m[38;5;124m"[39m[38;5;124mNot Complete[39m[38;5;124m"[39m[38;5;132;01m}[39;00m[38;5;130;01m\n[39;00m[38;5;124m'[39m
[1;32m     48[0m         [38;5;124mf[39m[38;5;124m'[39m[38;5;124mInitial State known features:[39m[38;5;130;01m\n[39;00m[38;5;132;01m{[39;00m[38;5;28mself[39m[38;5;241m.[39m__fill_initial_state_row()[38;5;132;01m}[39;00m[38;5;130;01m\n[39;00m[38;5;124m'[39m
[0;32m---> 49[0m         [38;5;124mf[39m[38;5;124m'[39m[38;5;124mSteps:[39m[38;5;130;01m\n[39;00m[38;5;132;01m{[39;00m[38;5;28;43mself[39;49m[38;5;241;43m.[39;49m[43m__fill_summary_table_steps_rows[49m[43m([49m[43m)[49m[38;5;132;01m}[39;00m[38;5;124m'[39m
[1;32m     50[0m     )

File [0;32m~/work/ostatslib/ostatslib/ostatslib/agents/analysis_result.py:65[0m, in [0;36mAnalysisResult.__fill_summary_table_steps_rows[0;34m(self)[0m
[1;32m     58[0m table_rows: StepsRows [38;5;241m=[39m []
[1;32m     60[0m [38;5;28;01mfor[39;00m i, (reward, info) [38;5;129;01min[39;00m [38;5;28menumerate[39m([38;5;28mself[39m[38;5;241m.[39msteps):
[1;32m     61[0m     table_rows[38;5;241m.[39mappend((
[1;32m     62[0m         i[38;5;241m+[39m[38;5;241m1[39m,
[1;32m     63[0m         [38;5;28mstr[39m(info[38;5;241m.[39maction_name),
[1;32m     64[0m         reward,
[0;32m---> 65[0m         tabulate([38;5;28;43mself[39;49m[38;5;241;43m.[39;49m[43m__get_state_delta[49m[43m([49m[43minfo[49m[43m,[49m[43m [49m[43mi[49m[43m)[49m[38;5;241m.[39mlist_known_features(),
[1;32m     66[0m                  tablefmt[38;5;241m=[39m[38;5;124m"[39m[38;5;124mplain[39m[38;5;124m"[39m)
[1;32m     67[0m     ))
[1;32m     69[0m [38;5;28;01mreturn[39;00m tabulate(table_rows, steps_headers)

File [0;32m~/work/ostatslib/ostatslib/ostatslib/agents/analysis_result.py:84[0m, in [0;36mAnalysisResult.__get_state_delta[0;34m(self, info, i)[0m
[1;32m     79[0m         [38;5;28;01mreturn[39;00m info[38;5;241m.[39mnext_state [38;5;241m-[39m previous_state
[1;32m     81[0m     [38;5;28;01mraise[39;00m [38;5;167;01mValueError[39;00m(
[1;32m     82[0m         [38;5;124mf[39m[38;5;124m'[39m[38;5;124mCannot write State delta, step [39m[38;5;132;01m{[39;00mi[38;5;241m-[39m[38;5;241m1[39m[38;5;132;01m}[39;00m[38;5;124m State is None[39m[38;5;124m'[39m)
[0;32m---> 84[0m [38;5;28;01mraise[39;00m [38;5;167;01mValueError[39;00m([38;5;124mf[39m[38;5;124m'[39m[38;5;124mCannot write State delta, step [39m[38;5;132;01m{[39;00mi[38;5;132;01m}[39;00m[38;5;124m State is None[39m[38;5;124m'[39m)

[0;31mValueError[0m: Cannot write State delta, step 6 State is None

